###############################################################################
#
# IAR ELF Linker V9.10.2.313/W64 for ARM                  23/Aug/2021  20:23:40
# Copyright 2007-2021 IAR Systems AB.
#
#    Output file  =
#        C:\Users\gusta\Documents\UTFPR\Sistemas
#        Microcontrolados\micro_calculadora_projeto_final\Debug\Exe\micro_calculadora_projeto_final.out
#    Map file     =
#        C:\Users\gusta\Documents\UTFPR\Sistemas
#        Microcontrolados\micro_calculadora_projeto_final\Debug\List\micro_calculadora_projeto_final.map
#    Command line =
#        -f "C:\Users\gusta\Documents\UTFPR\Sistemas
#        Microcontrolados\micro_calculadora_projeto_final\Debug\Exe\micro_calculadora_projeto_final.out.rsp"
#        ("C:\Users\gusta\Documents\UTFPR\Sistemas
#        Microcontrolados\micro_calculadora_projeto_final\Debug\Obj\cstartup_M.o"
#        "C:\Users\gusta\Documents\UTFPR\Sistemas
#        Microcontrolados\micro_calculadora_projeto_final\Debug\Obj\functions.o"
#        "C:\Users\gusta\Documents\UTFPR\Sistemas
#        Microcontrolados\micro_calculadora_projeto_final\Debug\Obj\gpio.o"
#        "C:\Users\gusta\Documents\UTFPR\Sistemas
#        Microcontrolados\micro_calculadora_projeto_final\Debug\Obj\main.o"
#        "C:\Users\gusta\Documents\UTFPR\Sistemas
#        Microcontrolados\micro_calculadora_projeto_final\Debug\Obj\uart.o"
#        --no_out_extension -o "C:\Users\gusta\Documents\UTFPR\Sistemas
#        Microcontrolados\micro_calculadora_projeto_final\Debug\Exe\micro_calculadora_projeto_final.out"
#        --redirect _Printf=_PrintfFullNoMb --redirect _Scanf=_ScanfFullNoMb
#        --map "C:\Users\gusta\Documents\UTFPR\Sistemas
#        Microcontrolados\micro_calculadora_projeto_final\Debug\List\micro_calculadora_projeto_final.map"
#        --config "C:\Program Files\IAR Systems\Embedded Workbench
#        9.0\arm\config\linker\TexasInstruments\TM4C1294NC.icf" --semihosting
#        --entry __iar_program_start --vfe --text_out locale)
#
###############################################################################

*******************************************************************************
*** RUNTIME MODEL ATTRIBUTES
***

CppFlavor       = *
__SystemLibrary = DLib
__dlib_version  = 6


*******************************************************************************
*** HEAP SELECTION
***

The basic heap was selected because some modules are built with
size limitations (and not runtime checking), and --advanced_heap
was not specified.


*******************************************************************************
*** PLACEMENT SUMMARY
***

"A0":  place at address 0x0 { ro section .intvec };
"P1":  place in [from 0x0 to 0xf'ffff] { ro };
define block CSTACK with size = 32K, alignment = 8 { };
define block HEAP with size = 64K, alignment = 8 { };
"P2":  place in [from 0x2000'0000 to 0x2003'ffff] {
          rw, block CSTACK, block HEAP };

No sections matched the following patterns:

  rw  in "P2"


  Section   Kind         Address    Size  Object
  -------   ----         -------    ----  ------
"A0":                              0x200
  .intvec   const            0x0   0x200  cstartup_M.o [1]
                         - 0x200   0x200

"P1":                              0x600
  .text     ro code        0x200   0x31a  main.o [1]
  .text     ro code        0x51a     0x2  cstartup_M.o [1]
  .text     ro code        0x51c    0xe8  uart.o [1]
  .text     ro code        0x604    0x94  gpio.o [1]
  .text     ro code        0x698    0xe0  functions.o [1]
  .text     ro code        0x778    0x22  fpinit_M.o [3]
  .text     ro code        0x79a     0x2  cstartup_M.o [1]
  .text     ro code        0x79c    0x1e  cmain.o [4]
  .text     ro code        0x7ba     0x4  low_level_init.o [2]
  .text     ro code        0x7be     0x4  exit.o [2]
  .text     ro code        0x7c2     0x2  cstartup_M.o [1]
  .text     ro code        0x7c4     0xa  cexit.o [4]
  .text     ro code        0x7ce     0x2  cstartup_M.o [1]
  .text     ro code        0x7d0    0x14  exit.o [5]
  .text     ro code        0x7e4    0x10  cstartup_M.o [1]
  .text     ro code        0x7f4     0x2  cstartup_M.o [1]
  .text     ro code        0x7f6     0x2  cstartup_M.o [1]
  .text     ro code        0x7f8     0x2  cstartup_M.o [1]
  .text     ro code        0x7fa     0x2  cstartup_M.o [1]
  .text     ro code        0x7fc     0x2  cstartup_M.o [1]
  .text     ro code        0x7fe     0x2  cstartup_M.o [1]
                         - 0x800   0x600

"P2":                             0x8000
  CSTACK             0x2000'0000  0x8000  <Block>
    CSTACK  uninit   0x2000'0000  0x8000  <Block tail>
                   - 0x2000'8000  0x8000

Unused ranges:

         From           To      Size
         ----           --      ----
        0x800     0xf'ffff  0xf'f800
  0x2000'8000  0x2003'ffff  0x3'8000



*******************************************************************************
*** MODULE SUMMARY
***

    Module            ro code  ro data  rw data
    ------            -------  -------  -------
command line/config:
    -------------------------------------------
    Total:

C:\Users\gusta\Documents\UTFPR\Sistemas Microcontrolados\micro_calculadora_projeto_final\Debug\Obj: [1]
    cstartup_M.o           36      512
    functions.o           224
    gpio.o                148
    main.o                794
    uart.o                232
    -------------------------------------------
    Total:              1'434      512

dl7M_tln.a: [2]
    exit.o                  4
    low_level_init.o        4
    -------------------------------------------
    Total:                  8

m7M_tls.a: [3]
    fpinit_M.o             34
    -------------------------------------------
    Total:                 34

rt7M_tl.a: [4]
    cexit.o                10
    cmain.o                30
    -------------------------------------------
    Total:                 40

shb_l.a: [5]
    exit.o                 20
    -------------------------------------------
    Total:                 20

    Linker created                       32'768
-----------------------------------------------
    Grand Total:        1'536      512   32'768


*******************************************************************************
*** ENTRY LIST
***

Entry                       Address   Size  Type      Object
-----                       -------   ----  ----      ------
?main                         0x79d         Code  Gb  cmain.o [4]
BusFault_Handler              0x7cf    0x2  Code  Gb  cstartup_M.o [1]
CSTACK$$Base            0x2000'0000          --   Gb  - Linker created -
CSTACK$$Limit           0x2000'8000          --   Gb  - Linker created -
DebugMon_Handler              0x7f9    0x2  Code  Gb  cstartup_M.o [1]
GPIO_Init                     0x605   0x5e  Code  Gb  gpio.o [1]
HardFault_Handler             0x79b    0x2  Code  Gb  cstartup_M.o [1]
IntDefaultHandler             0x7ff    0x2  Code  Gb  cstartup_M.o [1]
MemManage_Handler             0x7c3    0x2  Code  Gb  cstartup_M.o [1]
NMI_Handler                   0x51b    0x2  Code  Gb  cstartup_M.o [1]
PendSV_Handler                0x7fb    0x2  Code  Gb  cstartup_M.o [1]
Region$$Table$$Base             0x0          --   Gb  - Linker created -
Region$$Table$$Limit            0x0          --   Gb  - Linker created -
SVC_Handler                   0x7f7    0x2  Code  Gb  cstartup_M.o [1]
SysTick_Handler               0x7fd    0x2  Code  Gb  cstartup_M.o [1]
Uart0_Init                    0x51d   0x8a  Code  Gb  uart.o [1]
Uart0_Rcv                     0x5a7   0x10  Code  Gb  uart.o [1]
Uart0_Send                    0x5b7   0x10  Code  Gb  uart.o [1]
UsageFault_Handler            0x7f5    0x2  Code  Gb  cstartup_M.o [1]
__cmain                       0x79d         Code  Gb  cmain.o [4]
__exit                        0x7d1   0x14  Code  Gb  exit.o [5]
__iar_init_vfp                0x779         Code  Gb  fpinit_M.o [3]
__iar_program_start           0x7e5   0x10  Code  Gb  cstartup_M.o [1]
__low_level_init              0x7bb    0x4  Code  Gb  low_level_init.o [2]
__vector_table                  0x0  0x200  Data  Gb  cstartup_M.o [1]
_call_main                    0x7a9         Code  Gb  cmain.o [4]
_exit                         0x7c5         Code  Gb  cexit.o [4]
calculate                     0x239   0x26  Code  Gb  main.o [1]
charToInt                     0x701   0x14  Code  Gb  functions.o [1]
checkIfInputIsNumber          0x699   0x10  Code  Gb  functions.o [1]
checkIfInputIsOperation
                              0x6a9   0x26  Code  Gb  functions.o [1]
countCharacters               0x6e9   0x18  Code  Gb  functions.o [1]
countDigits                   0x25f   0x1a  Code  Gb  main.o [1]
exit                          0x7bf    0x4  Code  Gb  exit.o [2]
getOperationType              0x211   0x28  Code  Gb  main.o [1]
main                          0x2d9  0x242  Code  Gb  main.o [1]
power                         0x6cf   0x1a  Code  Gb  functions.o [1]
printIntToUart                0x279   0x60  Code  Gb  main.o [1]
sendNextLineToUart            0x201   0x10  Code  Gb  main.o [1]
stringToInt                   0x715   0x64  Code  Gb  functions.o [1]


[1] = C:\Users\gusta\Documents\UTFPR\Sistemas Microcontrolados\micro_calculadora_projeto_final\Debug\Obj
[2] = dl7M_tln.a
[3] = m7M_tls.a
[4] = rt7M_tl.a
[5] = shb_l.a

   1'536 bytes of readonly  code memory
     512 bytes of readonly  data memory
  32'768 bytes of readwrite data memory

Errors: none
Warnings: none
